<html>
<body>
<pre>
<h1>µVision Build Log</h1>
<h2>Project:</h2>
C:\EE445L\Lab5\version_2\PeriodicTimer0AInts.uvproj
Project File Date:  09/19/2018

<h2>Output:</h2>
Build target 'PeriodicTimer0AInts'
linking...
Program Size: Code=6736 RO-data=2724 RW-data=3360 ZI-data=1136  
".\PeriodicTimer0AInts.axf" - 0 Error(s), 0 Warning(s).
Load "C:\\EE445L\\Lab5\\version_2\\PeriodicTimer0AInts.axf" 
Connecting: Mode=JTAG, Speed=1000000Hz
Erase Done.
Programming Done.
Verify OK.
ror code=&d
Error: Flash Download failed  -  Target DLL has been cancelled
Load "C:\\EE445L\\Lab5\\version_2\\PeriodicTimer0AInts.axf" 
Connecting: Mode=JTAG, Speed=1000000Hz
Erase Done.
Programming Done.
Verify OK.
